This file contains any messages produced by compilers while
running configure, to aid debugging if configure makes a mistake.

It was created by dime configure 0.9.1, which was
generated by GNU Autoconf 2.53.  Invocation command line was

  $ ./configure --enable-static --disable-msvc

## --------- ##
## Platform. ##
## --------- ##

hostname = haensel-THINK
uname -m = i686
uname -r = 1.7.10(0.259/5/3)
uname -s = CYGWIN_NT-6.1-WOW64
uname -v = 2012-02-05 12:36

/usr/bin/uname -p = unknown
/bin/uname -X     = unknown

/bin/arch              = i686
/usr/bin/arch -k       = unknown
/usr/convex/getsysinfo = unknown
hostinfo               = unknown
/bin/machine           = unknown
/usr/bin/oslevel       = unknown
/bin/universe          = unknown

PATH: /usr/local/bin
PATH: /usr/bin
PATH: /cygdrive/c/Windows/system32
PATH: /cygdrive/c/Windows
PATH: /cygdrive/c/Windows/System32/Wbem
PATH: /cygdrive/c/Windows/System32/WindowsPowerShell/v1.0
PATH: /cygdrive/c/Program Files/ThinkPad/Bluetooth Software
PATH: /cygdrive/c/Program Files/ThinkPad/Bluetooth Software/syswow64
PATH: /cygdrive/c/Program Files/Intel/WiFi/bin
PATH: /cygdrive/c/Program Files/Common Files/Intel/WirelessCommon
PATH: /cygdrive/c/Program Files (x86)/Common Files/Lenovo
PATH: /cygdrive/c/Program Files (x86)/Lenovo/Access Connections
PATH: /cygdrive/c/Program Files/Common Files/Lenovo
PATH: /cygdrive/c/Program Files (x86)/Lenovo/Client Security Solution
PATH: /cygdrive/c/Program Files/Lenovo/Client Security Solution
PATH: /cygdrive/c/altera/72/quartus/bin
PATH: /cygdrive/c/Program Files (x86)/QuickTime/QTSystem
PATH: /cygdrive/c/altera/72/modelsim_ae/win32aloem
PATH: /cygdrive/c/Windows/system32
PATH: /cygdrive/c/Windows
PATH: /cygdrive/c/Windows/System32/Wbem
PATH: /cygdrive/c/Windows/System32/WindowsPowerShell/v1.0
PATH: /cygdrive/c/Program Files/ThinkPad/Bluetooth Software
PATH: /cygdrive/c/Program Files/ThinkPad/Bluetooth Software/syswow64
PATH: /cygdrive/c/Program Files/Intel/WiFi/bin
PATH: /cygdrive/c/Program Files/Common Files/Intel/WirelessCommon
PATH: /cygdrive/c/Program Files (x86)/Common Files/Lenovo
PATH: /cygdrive/c/Program Files (x86)/Lenovo/Access Connections
PATH: /cygdrive/c/Program Files/Common Files/Lenovo
PATH: /cygdrive/c/Program Files (x86)/Lenovo/Client Security Solution
PATH: /cygdrive/c/Program Files/Lenovo/Client Security Solution
PATH: /cygdrive/c/altera/72/quartus/bin
PATH: /cygdrive/c/Program Files (x86)/QuickTime/QTSystem


## ----------- ##
## Core tests. ##
## ----------- ##

configure:1437: checking build system type
configure:1455: result: i686-pc-cygwin
configure:1463: checking host system type
configure:1477: result: i686-pc-cygwin
configure:1485: checking target system type
configure:1499: result: i686-pc-cygwin
configure:1753: checking for gcc
configure:1769: found /usr/bin/gcc
configure:1779: result: gcc
configure:2023: checking for C compiler version
configure:2026: gcc --version </dev/null >&5
gcc (GCC) 4.5.3
Copyright (C) 2010 Free Software Foundation, Inc.
This is free software; see the source for copying conditions.  There is NO
warranty; not even for MERCHANTABILITY or FITNESS FOR A PARTICULAR PURPOSE.

configure:2029: $? = 0
configure:2031: gcc -v </dev/null >&5
Using built-in specs.
COLLECT_GCC=gcc
COLLECT_LTO_WRAPPER=/usr/lib/gcc/i686-pc-cygwin/4.5.3/lto-wrapper.exe
Target: i686-pc-cygwin
Configured with: /gnu/gcc/releases/respins/4.5.3-3/gcc4-4.5.3-3/src/gcc-4.5.3/configure --srcdir=/gnu/gcc/releases/respins/4.5.3-3/gcc4-4.5.3-3/src/gcc-4.5.3 --prefix=/usr --exec-prefix=/usr --bindir=/usr/bin --sbindir=/usr/sbin --libexecdir=/usr/lib --datadir=/usr/share --localstatedir=/var --sysconfdir=/etc --datarootdir=/usr/share --docdir=/usr/share/doc/gcc4 -C --datadir=/usr/share --infodir=/usr/share/info --mandir=/usr/share/man -v --with-gmp=/usr --with-mpfr=/usr --enable-bootstrap --enable-version-specific-runtime-libs --libexecdir=/usr/lib --enable-static --enable-shared --enable-shared-libgcc --disable-__cxa_atexit --with-gnu-ld --with-gnu-as --with-dwarf2 --disable-sjlj-exceptions --enable-languages=ada,c,c++,fortran,java,lto,objc,obj-c++ --enable-graphite --enable-lto --enable-java-awt=gtk --disable-symvers --enable-libjava --program-suffix=-4 --enable-libgomp --enable-libssp --enable-libada --enable-threads=posix --with-arch=i686 --with-tune=generic --enable-libgcj-sublibs CC=gcc-4 CXX=g++-4 CC_FOR_TARGET=gcc-4 CXX_FOR_TARGET=g++-4 GNATMAKE_FOR_TARGET=gnatmake GNATBIND_FOR_TARGET=gnatbind --with-ecj-jar=/usr/share/java/ecj.jar
Thread model: posix
gcc version 4.5.3 (GCC) 
configure:2034: $? = 0
configure:2036: gcc -V </dev/null >&5
gcc: '-V' option must have argument
configure:2039: $? = 1
configure:2065: checking for C compiler default output
configure:2068: gcc    conftest.c  >&5
configure:2071: $? = 0
configure:2104: result: a.exe
configure:2109: checking whether the C compiler works
configure:2115: ./a.exe
configure:2118: $? = 0
configure:2133: result: yes
configure:2140: checking whether we are cross compiling
configure:2142: result: no
configure:2145: checking for suffix of executables
configure:2147: gcc -o conftest.exe    conftest.c  >&5
configure:2150: $? = 0
configure:2172: result: .exe
configure:2178: checking for suffix of object files
configure:2202: gcc -c   conftest.c >&5
configure:2205: $? = 0
configure:2224: result: o
configure:2228: checking whether we are using the GNU C compiler
configure:2255: gcc -c   conftest.c >&5
configure:2258: $? = 0
configure:2261: test -s conftest.o
configure:2264: $? = 0
configure:2276: result: yes
configure:2282: checking whether gcc accepts -g
configure:2306: gcc -c -g  conftest.c >&5
configure:2309: $? = 0
configure:2312: test -s conftest.o
configure:2315: $? = 0
configure:2325: result: yes
configure:2352: gcc -c -g -O2  conftest.c >&5
conftest.c:2:9: error: expected '=', ',', ';', 'asm' or '__attribute__' before 'me'
configure:2355: $? = 1
configure: failed program was:
#ifndef __cplusplus
  choke me
#endif
configure:2470: checking how to run the C preprocessor
configure:2496: gcc -E  conftest.c
configure:2502: $? = 0
configure:2529: gcc -E  conftest.c
configure:2525:28: fatal error: ac_nonexistent.h: No such file or directory
compilation terminated.
configure:2535: $? = 1
configure: failed program was:
#line 2524 "configure"
#include "confdefs.h"
#include <ac_nonexistent.h>
configure:2572: result: gcc -E
configure:2587: gcc -E  conftest.c
configure:2593: $? = 0
configure:2620: gcc -E  conftest.c
configure:2616:28: fatal error: ac_nonexistent.h: No such file or directory
compilation terminated.
configure:2626: $? = 1
configure: failed program was:
#line 2615 "configure"
#include "confdefs.h"
#include <ac_nonexistent.h>
configure:2717: checking for g++
configure:2733: found /usr/bin/g++
configure:2743: result: g++
configure:2759: checking for C++ compiler version
configure:2762: g++ --version </dev/null >&5
g++ (GCC) 4.5.3
Copyright (C) 2010 Free Software Foundation, Inc.
This is free software; see the source for copying conditions.  There is NO
warranty; not even for MERCHANTABILITY or FITNESS FOR A PARTICULAR PURPOSE.

configure:2765: $? = 0
configure:2767: g++ -v </dev/null >&5
Using built-in specs.
COLLECT_GCC=g++
COLLECT_LTO_WRAPPER=/usr/lib/gcc/i686-pc-cygwin/4.5.3/lto-wrapper.exe
Target: i686-pc-cygwin
Configured with: /gnu/gcc/releases/respins/4.5.3-3/gcc4-4.5.3-3/src/gcc-4.5.3/configure --srcdir=/gnu/gcc/releases/respins/4.5.3-3/gcc4-4.5.3-3/src/gcc-4.5.3 --prefix=/usr --exec-prefix=/usr --bindir=/usr/bin --sbindir=/usr/sbin --libexecdir=/usr/lib --datadir=/usr/share --localstatedir=/var --sysconfdir=/etc --datarootdir=/usr/share --docdir=/usr/share/doc/gcc4 -C --datadir=/usr/share --infodir=/usr/share/info --mandir=/usr/share/man -v --with-gmp=/usr --with-mpfr=/usr --enable-bootstrap --enable-version-specific-runtime-libs --libexecdir=/usr/lib --enable-static --enable-shared --enable-shared-libgcc --disable-__cxa_atexit --with-gnu-ld --with-gnu-as --with-dwarf2 --disable-sjlj-exceptions --enable-languages=ada,c,c++,fortran,java,lto,objc,obj-c++ --enable-graphite --enable-lto --enable-java-awt=gtk --disable-symvers --enable-libjava --program-suffix=-4 --enable-libgomp --enable-libssp --enable-libada --enable-threads=posix --with-arch=i686 --with-tune=generic --enable-libgcj-sublibs CC=gcc-4 CXX=g++-4 CC_FOR_TARGET=gcc-4 CXX_FOR_TARGET=g++-4 GNATMAKE_FOR_TARGET=gnatmake GNATBIND_FOR_TARGET=gnatbind --with-ecj-jar=/usr/share/java/ecj.jar
Thread model: posix
gcc version 4.5.3 (GCC) 
configure:2770: $? = 0
configure:2772: g++ -V </dev/null >&5
g++: '-V' option must have argument
configure:2775: $? = 1
configure:2778: checking whether we are using the GNU C++ compiler
configure:2805: g++ -c   conftest.cc >&5
configure:2808: $? = 0
configure:2811: test -s conftest.o
configure:2814: $? = 0
configure:2826: result: yes
configure:2832: checking whether g++ accepts -g
configure:2856: g++ -c -g  conftest.cc >&5
configure:2859: $? = 0
configure:2862: test -s conftest.o
configure:2865: $? = 0
configure:2875: result: yes
configure:2921: g++ -c -g -O2  conftest.cc >&5
configure:2924: $? = 0
configure:2927: test -s conftest.o
configure:2930: $? = 0
configure:2958: g++ -c -g -O2  conftest.cc >&5
configure: In function 'int main()':
configure:2950:9: error: 'exit' was not declared in this scope
configure:2961: $? = 1
configure: failed program was:
#line 2939 "configure"
#include "confdefs.h"

#ifdef F77_DUMMY_MAIN
#  ifdef __cplusplus
     extern "C"
#  endif
   int F77_DUMMY_MAIN() { return 1; }
#endif
int
main ()
{
exit (42);
  ;
  return 0;
}
configure:2921: g++ -c -g -O2  conftest.cc >&5
configure:2924: $? = 0
configure:2927: test -s conftest.o
configure:2930: $? = 0
configure:2958: g++ -c -g -O2  conftest.cc >&5
configure:2961: $? = 0
configure:2964: test -s conftest.o
configure:2967: $? = 0
configure:2994: checking how to run the C++ preprocessor
configure:3016: g++ -E  conftest.cc
configure:3022: $? = 0
configure:3049: g++ -E  conftest.cc
configure:3045:28: fatal error: ac_nonexistent.h: No such file or directory
compilation terminated.
configure:3055: $? = 1
configure: failed program was:
#line 3044 "configure"
#include "confdefs.h"
#include <ac_nonexistent.h>
configure:3092: result: g++ -E
configure:3107: g++ -E  conftest.cc
configure:3113: $? = 0
configure:3140: g++ -E  conftest.cc
configure:3136:28: fatal error: ac_nonexistent.h: No such file or directory
compilation terminated.
configure:3146: $? = 1
configure: failed program was:
#line 3135 "configure"
#include "confdefs.h"
#include <ac_nonexistent.h>
configure:3230: checking for a BSD-compatible install
configure:3284: result: /usr/bin/install -c
configure:3295: checking whether build environment is sane
configure:3338: result: yes
configure:3375: checking for gawk
configure:3391: found /usr/bin/gawk
configure:3401: result: gawk
configure:3411: checking whether make sets ${MAKE}
configure:3431: result: yes
configure:3482: checking for style of include used by make
configure:3510: result: GNU
configure:3576: checking dependency style of gcc
configure:3638: result: gcc3
configure:3645: checking dependency style of g++
configure:3707: result: gcc3
configure:3736: checking whether to enable maintainer-specific portions of Makefiles
configure:3745: result: no
configure:3831: checking for ld used by GCC
configure:3894: result: /usr/i686-pc-cygwin/bin/ld.exe
configure:3903: checking if the linker (/usr/i686-pc-cygwin/bin/ld.exe) is GNU ld
GNU ld (GNU Binutils) 2.22.51.20111013
configure:3915: result: yes
configure:3920: checking for /usr/i686-pc-cygwin/bin/ld.exe option to reload object files
configure:3927: result: -r
configure:3932: checking for BSD-compatible nm
configure:3968: result: /usr/bin/nm -B
configure:3971: checking whether ln -s works
configure:3975: result: yes
configure:3982: checking how to recognise dependant libraries
configure:4160: result: file_magic file format pei*-i386(.*architecture: i386)?
configure:4173: checking command to parse /usr/bin/nm -B output
configure:4254: g++ -c -g -O2  conftest.cc >&5
configure:4257: $? = 0
configure:4261: /usr/bin/nm -B conftest.o \| sed -n -e 's/^.*[ 	]\([ABCDGISTW][ABCDGISTW]*\)[ 	][ 	]*\(\)\([_A-Za-z][_A-Za-z0-9]*\)$/\1 \2\3 \3/p' \> conftest.nm
configure:4264: $? = 0
cannot find nm_test_var in conftest.nm
configure:4254: g++ -c -g -O2  conftest.cc >&5
configure:4257: $? = 0
configure:4261: /usr/bin/nm -B conftest.o \| sed -n -e 's/^.*[ 	]\([ABCDGISTW][ABCDGISTW]*\)[ 	][ 	]*\(_\)\([_A-Za-z][_A-Za-z0-9]*\)$/\1 \2\3 \3/p' \> conftest.nm
configure:4264: $? = 0
configure:4316: g++ -o conftest.exe -g -O2   conftest.cc conftstm.o >&5
configure:4319: $? = 0
configure:4363: result: ok
configure:4369: checking for ANSI C header files
configure:4383: g++ -E  conftest.cc
configure:4389: $? = 0
configure:4476: g++ -o conftest.exe -g -O2   conftest.cc  >&5
configure:4479: $? = 0
configure:4481: ./conftest.exe
configure:4484: $? = 0
configure:4498: result: yes
configure:4522: checking for sys/types.h
configure:4535: g++ -c -g -O2  conftest.cc >&5
configure:4538: $? = 0
configure:4541: test -s conftest.o
configure:4544: $? = 0
configure:4554: result: yes
configure:4522: checking for sys/stat.h
configure:4535: g++ -c -g -O2  conftest.cc >&5
configure:4538: $? = 0
configure:4541: test -s conftest.o
configure:4544: $? = 0
configure:4554: result: yes
configure:4522: checking for stdlib.h
configure:4535: g++ -c -g -O2  conftest.cc >&5
configure:4538: $? = 0
configure:4541: test -s conftest.o
configure:4544: $? = 0
configure:4554: result: yes
configure:4522: checking for string.h
configure:4535: g++ -c -g -O2  conftest.cc >&5
configure:4538: $? = 0
configure:4541: test -s conftest.o
configure:4544: $? = 0
configure:4554: result: yes
configure:4522: checking for memory.h
configure:4535: g++ -c -g -O2  conftest.cc >&5
configure:4538: $? = 0
configure:4541: test -s conftest.o
configure:4544: $? = 0
configure:4554: result: yes
configure:4522: checking for strings.h
configure:4535: g++ -c -g -O2  conftest.cc >&5
configure:4538: $? = 0
configure:4541: test -s conftest.o
configure:4544: $? = 0
configure:4554: result: yes
configure:4522: checking for inttypes.h
configure:4535: g++ -c -g -O2  conftest.cc >&5
configure:4538: $? = 0
configure:4541: test -s conftest.o
configure:4544: $? = 0
configure:4554: result: yes
configure:4522: checking for stdint.h
configure:4535: g++ -c -g -O2  conftest.cc >&5
configure:4538: $? = 0
configure:4541: test -s conftest.o
configure:4544: $? = 0
configure:4554: result: yes
configure:4522: checking for unistd.h
configure:4535: g++ -c -g -O2  conftest.cc >&5
configure:4538: $? = 0
configure:4541: test -s conftest.o
configure:4544: $? = 0
configure:4554: result: yes
configure:4580: checking dlfcn.h usability
configure:4589: g++ -c -g -O2  conftest.cc >&5
configure:4592: $? = 0
configure:4595: test -s conftest.o
configure:4598: $? = 0
configure:4607: result: yes
configure:4611: checking dlfcn.h presence
configure:4618: g++ -E  conftest.cc
configure:4624: $? = 0
configure:4642: result: yes
configure:4660: checking for dlfcn.h
configure:4667: result: yes
configure:4864: checking for ranlib
configure:4880: found /usr/bin/ranlib
configure:4891: result: ranlib
configure:4944: checking for strip
configure:4960: found /usr/bin/strip
configure:4971: result: strip
configure:5182: checking for objdir
configure:5193: result: .libs
configure:5210: checking for gcc option to produce PIC
configure:5360: result: -DDLL_EXPORT
configure:5364: checking if gcc PIC flag -DDLL_EXPORT works
configure:5390: g++ -c -g -O2  conftest.cc >&5
configure:5393: $? = 0
configure:5396: test -s conftest.o
configure:5399: $? = 0
configure:5436: result: yes
configure:5452: checking if gcc static flag -static works
configure:5479: g++ -o conftest.exe -g -O2   -static conftest.cc  >&5
configure:5482: $? = 0
configure:5485: test -s conftest.exe
configure:5488: $? = 0
configure:5503: result: yes
configure:5515: checking if gcc supports -c -o file.o
configure:5535: g++ -c -g -O2  conftest.cc >&5
Assembler messages:
Fatal error: can't create conftest.o: Permission denied
configure:5559: result: no
configure:5634: checking if we can lock with hard links
configure:5642: result: yes
configure:5655: checking if gcc supports -fno-rtti -fno-exceptions
configure:5680: g++ -c -g -O2  conftest.cc >&5
configure:5683: $? = 0
configure:5686: test -s conftest.o
configure:5689: $? = 0
configure:5705: result: yes
configure:5716: checking whether the linker (/usr/i686-pc-cygwin/bin/ld.exe) supports shared libraries
configure:6396: result: yes
configure:6401: checking how to hardcode library paths into programs
configure:6425: result: immediate
configure:6430: checking whether stripping libraries is possible
configure:6435: result: yes
configure:6446: checking dynamic linker characteristics
configure:6839: result: Win32 ld.exe
configure:6844: checking if libtool supports shared libraries
configure:6846: result: yes
configure:6849: checking whether to build shared libraries
configure:6870: result: yes
configure:6873: checking whether to build static libraries
configure:6877: result: yes
configure:8747: creating ./config.status

## ---------------------- ##
## Running config.status. ##
## ---------------------- ##

This file was extended by dime config.status 0.9.1, which was
generated by GNU Autoconf 2.53.  Invocation command line was

  CONFIG_FILES    = 
  CONFIG_HEADERS  = 
  CONFIG_LINKS    = 
  CONFIG_COMMANDS = 
  $ ./config.status 

on haensel-THINK

config.status:663: creating Makefile
config.status:663: creating bin/Makefile
config.status:663: creating src/Makefile
config.status:663: creating src/classes/Makefile
config.status:663: creating src/entities/Makefile
config.status:663: creating src/objects/Makefile
config.status:663: creating src/records/Makefile
config.status:663: creating src/sections/Makefile
config.status:663: creating src/tables/Makefile
config.status:663: creating src/util/Makefile
config.status:663: creating src/convert/Makefile
config.status:663: creating dxf2vrml/Makefile
config.status:663: creating dxfsphere/Makefile
config.status:767: creating include/config.h
config.status:975: executing default-1 commands

## ---------------- ##
## Cache variables. ##
## ---------------- ##

ac_cv_build=i686-pc-cygwin
ac_cv_build_alias=i686-pc-cygwin
ac_cv_c_compiler_gnu=yes
ac_cv_cxx_compiler_gnu=yes
ac_cv_env_CC_set=
ac_cv_env_CC_value=
ac_cv_env_CFLAGS_set=
ac_cv_env_CFLAGS_value=
ac_cv_env_CPPFLAGS_set=
ac_cv_env_CPPFLAGS_value=
ac_cv_env_CPP_set=
ac_cv_env_CPP_value=
ac_cv_env_CXXCPP_set=
ac_cv_env_CXXCPP_value=
ac_cv_env_CXXFLAGS_set=
ac_cv_env_CXXFLAGS_value=
ac_cv_env_CXX_set=
ac_cv_env_CXX_value=
ac_cv_env_LDFLAGS_set=
ac_cv_env_LDFLAGS_value=
ac_cv_env_build_alias_set=
ac_cv_env_build_alias_value=
ac_cv_env_host_alias_set=
ac_cv_env_host_alias_value=
ac_cv_env_target_alias_set=
ac_cv_env_target_alias_value=
ac_cv_exeext=.exe
ac_cv_header_dlfcn_h=yes
ac_cv_header_inttypes_h=yes
ac_cv_header_memory_h=yes
ac_cv_header_stdc=yes
ac_cv_header_stdint_h=yes
ac_cv_header_stdlib_h=yes
ac_cv_header_string_h=yes
ac_cv_header_strings_h=yes
ac_cv_header_sys_stat_h=yes
ac_cv_header_sys_types_h=yes
ac_cv_header_unistd_h=yes
ac_cv_host=i686-pc-cygwin
ac_cv_host_alias=i686-pc-cygwin
ac_cv_objext=o
ac_cv_path_install='/usr/bin/install -c'
ac_cv_prog_AWK=gawk
ac_cv_prog_CPP='gcc -E'
ac_cv_prog_CXXCPP='g++ -E'
ac_cv_prog_ac_ct_CC=gcc
ac_cv_prog_ac_ct_CXX=g++
ac_cv_prog_ac_ct_RANLIB=ranlib
ac_cv_prog_ac_ct_STRIP=strip
ac_cv_prog_cc_g=yes
ac_cv_prog_cxx_g=yes
ac_cv_prog_make_make_set=yes
ac_cv_target=i686-pc-cygwin
ac_cv_target_alias=i686-pc-cygwin
am_cv_CC_dependencies_compiler_type=gcc3
am_cv_CXX_dependencies_compiler_type=gcc3
lt_cv_compiler_c_o=no
lt_cv_deplibs_check_method='file_magic file format pei*-i386(.*architecture: i386)?'
lt_cv_file_magic_cmd='$OBJDUMP -f'
lt_cv_file_magic_test_file=
lt_cv_global_symbol_to_c_name_address='sed -n -e '\''s/^: \([^ ]*\) $/  {\"\1\", (lt_ptr) 0},/p'\'' -e '\''s/^[BCDEGRST] \([^ ]*\) \([^ ]*\)$/  {"\2", (lt_ptr) \&\2},/p'\'''
lt_cv_global_symbol_to_cdecl='sed -n -e '\''s/^. .* \(.*\)$/extern char \1;/p'\'''
lt_cv_ld_reload_flag=-r
lt_cv_path_LD=/usr/i686-pc-cygwin/bin/ld.exe
lt_cv_path_NM='/usr/bin/nm -B'
lt_cv_prog_cc_can_build_shared=yes
lt_cv_prog_cc_no_builtin=
lt_cv_prog_cc_pic=' -DDLL_EXPORT'
lt_cv_prog_cc_pic_works=yes
lt_cv_prog_cc_shlib=
lt_cv_prog_cc_static=-static
lt_cv_prog_cc_static_works=yes
lt_cv_prog_cc_wl=-Wl,
lt_cv_prog_gnu_ld=yes
lt_cv_sys_global_symbol_pipe='sed -n -e '\''s/^.*[ 	]\([ABCDGISTW][ABCDGISTW]*\)[ 	][ 	]*\(_\)\([_A-Za-z][_A-Za-z0-9]*\)$/\1 \2\3 \3/p'\'''
lt_cv_sys_path_separator=:

## ----------- ##
## confdefs.h. ##
## ----------- ##

#define PACKAGE_NAME "dime"
#define PACKAGE_TARNAME "dime"
#define PACKAGE_VERSION "0.9.1"
#define PACKAGE_STRING "dime 0.9.1"
#define PACKAGE_BUGREPORT "dime-support@coin3d.org"
#ifdef __cplusplus
#include <stdlib.h>
#endif
#define PACKAGE "libdime"
#define VERSION "0.9.1"
#define STDC_HEADERS 1
#define HAVE_SYS_TYPES_H 1
#define HAVE_SYS_STAT_H 1
#define HAVE_STDLIB_H 1
#define HAVE_STRING_H 1
#define HAVE_MEMORY_H 1
#define HAVE_STRINGS_H 1
#define HAVE_INTTYPES_H 1
#define HAVE_STDINT_H 1
#define HAVE_UNISTD_H 1
#define HAVE_DLFCN_H 1

configure: exit 0
